C:\Users\Phiu\Desktop\Javagithub>git commit -m "Task7 commit---1"
[master 813165a] Task7 commit---1
 2 files changed, 3 deletions(-)
 rename Assignment-1-GIT/Task7/{about1.html => about2.html} (100%)
 delete mode 100644 Assignment-1-GIT/Task7/index.html

C:\Users\Phiu\Desktop\Javagithub>git commit -m "Task7 commit---2"
On branch master
Your branch is ahead of 'origin/master' by 4 commits.
  (use "git push" to publish your local commits)

Untracked files:
  (use "git add <file>..." to include in what will be committed)
        Assignment-1-GIT/Task7/about.html

nothing added to commit but untracked files present (use "git add" to track)

C:\Users\Phiu\Desktop\Javagithub>git commit -m "Task7 commit---3"
On branch master
Your branch is ahead of 'origin/master' by 4 commits.
  (use "git push" to publish your local commits)

Untracked files:
  (use "git add <file>..." to include in what will be committed)
        Assignment-1-GIT/Task7/about.html
        Assignment-1-GIT/Task7/index.html

nothing added to commit but untracked files present (use "git add" to track)

C:\Users\Phiu\Desktop\Javagithub>git reset --hard HEAD~
HEAD is now at 98de006 Task7 commit--2

C:\Users\Phiu\Desktop\Javagithub>git status
On branch master
Your branch is ahead of 'origin/master' by 3 commits.
  (use "git push" to publish your local commits)

Untracked files:
  (use "git add <file>..." to include in what will be committed)
        Assignment-1-GIT/Task7/about.html

nothing added to commit but untracked files present (use "git add" to track)
