C:\Users\Phiu\Desktop\Javagithub>git reset c7a9efa

C:\Users\Phiu\Desktop\Javagithub>git status
On branch master
Your branch is ahead of 'origin/master' by 2 commits.
  (use "git push" to publish your local commits)

Untracked files:
  (use "git add <file>..." to include in what will be committed)
        Assignment-1-GIT/Task6/about1.TXT

nothing added to commit but untracked files present (use "git add" to track)
